../Core/Src/main.c:101:5:main	8	static
../Core/Src/main.c:157:6:SystemClock_Config	88	static
../Core/Src/main.c:204:13:MX_ADC1_Init	56	static
../Core/Src/main.c:272:13:MX_DAC1_Init	56	static
../Core/Src/main.c:319:13:MX_LPUART1_UART_Init	8	static
../Core/Src/main.c:366:13:MX_GPIO_Init	48	static
../Core/Src/main.c:403:6:DAC_Update	8	static
../Core/Src/main.c:424:6:DAC_V_mode	8	static
../Core/Src/main.c:429:6:DAC_Raw_mode	4	static
../Core/Src/main.c:435:6:DAC_B1	8	static
../Core/Src/main.c:444:6:ADC_Read_blocking	8	static
../Core/Src/main.c:466:6:Error_Handler	4	static,ignoring_inline_asm
