../Core/Src/main.c:101:5:main	8	static
../Core/Src/main.c:155:6:SystemClock_Config	88	static
../Core/Src/main.c:202:13:MX_ADC1_Init	56	static
../Core/Src/main.c:270:13:MX_DAC1_Init	56	static
../Core/Src/main.c:317:13:MX_LPUART1_UART_Init	8	static
../Core/Src/main.c:364:13:MX_GPIO_Init	48	static
../Core/Src/main.c:401:6:DAC_Update	8	static
../Core/Src/main.c:421:6:DAC_V_mode	8	static
../Core/Src/main.c:426:6:DAC_Raw_mode	4	static
../Core/Src/main.c:432:6:DAC_B1	8	static
../Core/Src/main.c:440:6:HAL_GPIO_EXTI_Callback	16	static
../Core/Src/main.c:449:6:ADC_Read_blocking	8	static
../Core/Src/main.c:471:6:Error_Handler	4	static,ignoring_inline_asm
